\BOOKMARK [1][-]{section.1}{\376\377\000L\000i\000s\000t\000s}{}% 1
\BOOKMARK [2][-]{subsection.1.1}{\376\377\000l\000e\000a\000r\000n\000i\000n\000g}{section.1}% 2
\BOOKMARK [2][-]{subsection.1.2}{\376\377\000t\000h\000i\000n\000k\000i\000n\000g}{section.1}% 3
\BOOKMARK [1][-]{section.2}{\376\377\000f\000o\000r\000m\000a\000t\000t\000i\000n\000g}{}% 4
\BOOKMARK [2][-]{subsection.2.1}{\376\377\000t\000e\000x\000t}{section.2}% 5
\BOOKMARK [2][-]{subsection.2.2}{\376\377\000w\000o\000r\000d\000s}{section.2}% 6
